UPDATED: C:\Users\Anton\Documents\GitHub\webarchive\rockstargames.com\IV\index.html
UPDATED: C:\Users\Anton\Documents\GitHub\webarchive\rockstargames.com\libertycitystories\gta_lcs.html
UPDATED: C:\Users\Anton\Documents\GitHub\webarchive\rockstargames.com\manhunt\video\105.html
UPDATED: C:\Users\Anton\Documents\GitHub\webarchive\rockstargames.com\manhunt\video\106.html
UPDATED: C:\Users\Anton\Documents\GitHub\webarchive\rockstargames.com\manhunt\video\107.html
UPDATED: C:\Users\Anton\Documents\GitHub\webarchive\rockstargames.com\manhunt\video\3.html
UPDATED: C:\Users\Anton\Documents\GitHub\webarchive\rockstargames.com\manhunt\video\5.html
UPDATED: C:\Users\Anton\Documents\GitHub\webarchive\rockstargames.com\manhunt\video\9.html
UPDATED: C:\Users\Anton\Documents\GitHub\webarchive\rockstargames.com\manhunt\video\p2_10.html
UPDATED: C:\Users\Anton\Documents\GitHub\webarchive\rockstargames.com\manhunt\video\p2_2.html
UPDATED: C:\Users\Anton\Documents\GitHub\webarchive\rockstargames.com\manhunt\video\p2_3.html
UPDATED: C:\Users\Anton\Documents\GitHub\webarchive\rockstargames.com\manhunt\video\p2_7.html
UPDATED: C:\Users\Anton\Documents\GitHub\webarchive\rockstargames.com\manhunt\video\p2_8.html
UPDATED: C:\Users\Anton\Documents\GitHub\webarchive\rockstargames.com\manhunt\video\p2_9.html
UPDATED: C:\Users\Anton\Documents\GitHub\webarchive\rockstargames.com\manhunt\video\p3_1.html
UPDATED: C:\Users\Anton\Documents\GitHub\webarchive\rockstargames.com\manhunt\video\p3_12.html
UPDATED: C:\Users\Anton\Documents\GitHub\webarchive\rockstargames.com\manhunt\video\p3_13.html
UPDATED: C:\Users\Anton\Documents\GitHub\webarchive\rockstargames.com\manhunt\video\p3_14.html
UPDATED: C:\Users\Anton\Documents\GitHub\webarchive\rockstargames.com\manhunt\video\p3_2.html
UPDATED: C:\Users\Anton\Documents\GitHub\webarchive\rockstargames.com\manhunt\video\p3_3.html
UPDATED: C:\Users\Anton\Documents\GitHub\webarchive\rockstargames.com\manhunt\video\p3_5.html
UPDATED: C:\Users\Anton\Documents\GitHub\webarchive\rockstargames.com\manhunt\video\p3_6.html
UPDATED: C:\Users\Anton\Documents\GitHub\webarchive\rockstargames.com\manhunt\video\p3_7.html
UPDATED: C:\Users\Anton\Documents\GitHub\webarchive\rockstargames.com\manhunt\video\p3_8.html
UPDATED: C:\Users\Anton\Documents\GitHub\webarchive\rockstargames.com\manhunt\video\trailer1.html
UPDATED: C:\Users\Anton\Documents\GitHub\webarchive\rockstargames.com\manhunt\video\trailer2.html
UPDATED: C:\Users\Anton\Documents\GitHub\webarchive\rockstargames.com\midnightclub3\2011-05\index.html
UPDATED: C:\Users\Anton\Documents\GitHub\webarchive\rockstargames.com\midnightclub3\2011-05\online.html
UPDATED: C:\Users\Anton\Documents\GitHub\webarchive\rockstargames.com\midnightclub3\2011-05\trailers\video\mc3psp.html
UPDATED: C:\Users\Anton\Documents\GitHub\webarchive\rockstargames.com\midnightclub3\2011-05\trailers\video\mc3_2_320.html
UPDATED: C:\Users\Anton\Documents\GitHub\webarchive\rockstargames.com\midnightclub3\2011-05\trailers\video\mc3_2_480.html
UPDATED: C:\Users\Anton\Documents\GitHub\webarchive\rockstargames.com\midnightclub3\2011-05\trailers\video\mc3_2_480_wmv.html
UPDATED: C:\Users\Anton\Documents\GitHub\webarchive\rockstargames.com\midnightclub3\2011-05\trailers\video\mc3_320.html
UPDATED: C:\Users\Anton\Documents\GitHub\webarchive\rockstargames.com\midnightclub3\2011-05\trailers\video\mc3_3_320.html
UPDATED: C:\Users\Anton\Documents\GitHub\webarchive\rockstargames.com\midnightclub3\2011-05\trailers\video\mc3_3_480.html
UPDATED: C:\Users\Anton\Documents\GitHub\webarchive\rockstargames.com\midnightclub3\2011-05\trailers\video\mc3_3_480_wmv.html
UPDATED: C:\Users\Anton\Documents\GitHub\webarchive\rockstargames.com\midnightclub3\2011-05\trailers\video\mc3_480.html
UPDATED: C:\Users\Anton\Documents\GitHub\webarchive\rockstargames.com\midnightclub3\2011-05\trailers\video\mc3_4_320.html
UPDATED: C:\Users\Anton\Documents\GitHub\webarchive\rockstargames.com\midnightclub3\2011-05\trailers\video\mc3_4_480.html
UPDATED: C:\Users\Anton\Documents\GitHub\webarchive\rockstargames.com\midnightclub3\2011-05\trailers\video\mc3_4_480_wmv.html
UPDATED: C:\Users\Anton\Documents\GitHub\webarchive\rockstargames.com\smugglersrun1\index.html
UPDATED: C:\Users\Anton\Documents\GitHub\webarchive\rockstargames.com\smugglersrun2\movies\russia_s4.html
UPDATED: C:\Users\Anton\Documents\GitHub\webarchive\rockstargames.com\smugglersrun2\movies\russia_w1.html
UPDATED: C:\Users\Anton\Documents\GitHub\webarchive\rockstargames.com\smugglersrun2\movies\russia_w2.html
UPDATED: C:\Users\Anton\Documents\GitHub\webarchive\rockstargames.com\smugglersrun2\movies\russia_w4.html
UPDATED: C:\Users\Anton\Documents\GitHub\webarchive\rockstargames.com\smugglersrun2\movies\vietnam1.html
UPDATED: C:\Users\Anton\Documents\GitHub\webarchive\rockstargames.com\smugglersrun2\movies\vietnam2.html
UPDATED: C:\Users\Anton\Documents\GitHub\webarchive\rockstargames.com\smugglersrun2\movies\vietnam4.html
UPDATED: C:\Users\Anton\Documents\GitHub\webarchive\rockstarnorth.com\2008-11-02\flashSite\flashMac.html
UPDATED: C:\Users\Anton\Documents\GitHub\webarchive\rockstarnorth.com\2008-11-02\flashSite\theLab\inside\shots\map001.html
UPDATED: C:\Users\Anton\Documents\GitHub\webarchive\rockstarnorth.com\2008-11-02\flashSite\theLab\inside\shots\map002.html
UPDATED: C:\Users\Anton\Documents\GitHub\webarchive\rockstarnorth.com\2008-11-02\flashSite\theLab\inside\shots\map003.html
UPDATED: C:\Users\Anton\Documents\GitHub\webarchive\rockstarnorth.com\2008-11-02\flashSite\theLab\inside\shots\map004.html
UPDATED: C:\Users\Anton\Documents\GitHub\webarchive\rockstarnorth.com\2008-11-02\flashSite\theLab\inside\shots\map005.html
UPDATED: C:\Users\Anton\Documents\GitHub\webarchive\rockstarnorth.com\2008-11-02\flashSite\theLab\inside\shots\max001.html
UPDATED: C:\Users\Anton\Documents\GitHub\webarchive\rockstarnorth.com\2008-11-02\flashSite\theLab\inside\shots\max002.html
UPDATED: C:\Users\Anton\Documents\GitHub\webarchive\rockstarnorth.com\2008-11-02\flashSite\theLab\inside\shots\max003.html
UPDATED: C:\Users\Anton\Documents\GitHub\webarchive\rockstarnorth.com\2008-11-02\flashSite\theLab\inside\shots\max004.html
UPDATED: C:\Users\Anton\Documents\GitHub\webarchive\rockstarnorth.com\2008-11-02\flashSite\theLab\inside\shots\max005.html
UPDATED: C:\Users\Anton\Documents\GitHub\webarchive\rockstarnorth.com\2008-11-02\flashSite\theLab\inside\shots\max006.html
UPDATED: C:\Users\Anton\Documents\GitHub\webarchive\rockstarnorth.com\2008-11-02\flashSite\theLab\inside\shots\max007.html
UPDATED: C:\Users\Anton\Documents\GitHub\webarchive\rockstarnorth.com\2008-11-02\flashSite\theLab\inside\shots\max008.html
UPDATED: C:\Users\Anton\Documents\GitHub\webarchive\rockstarnorth.com\2008-11-02\flashSite\theLab\inside\shots\max009.html
UPDATED: C:\Users\Anton\Documents\GitHub\webarchive\rockstarnorth.com\2008-11-02\flashSite\theLab\inside\shots\max010.html
UPDATED: C:\Users\Anton\Documents\GitHub\webarchive\rockstarnorth.com\2008-11-02\flashSite\theLab\inside\shots\max011.html
UPDATED: C:\Users\Anton\Documents\GitHub\webarchive\rockstarnorth.com\2008-11-02\flashSite\theLab\inside\shots\max012.html
UPDATED: C:\Users\Anton\Documents\GitHub\webarchive\rockstarnorth.com\2008-11-02\flashSite\theLab\inside\shots\music001.html
UPDATED: C:\Users\Anton\Documents\GitHub\webarchive\rockstarnorth.com\2008-11-02\flashSite\theLab\inside\shots\music002.html
UPDATED: C:\Users\Anton\Documents\GitHub\webarchive\rockstarnorth.com\2008-11-02\flashSite\theLab\inside\shots\music003.html
UPDATED: C:\Users\Anton\Documents\GitHub\webarchive\rockstarnorth.com\2008-11-02\flashSite\theLab\inside\shots\render001.html
UPDATED: C:\Users\Anton\Documents\GitHub\webarchive\rockstarnorth.com\2008-11-02\flashSite\theLab\inside\shots\render002.html
UPDATED: C:\Users\Anton\Documents\GitHub\webarchive\rockstarnorth.com\2008-11-02\flashSite\theLab\inside\shots\render003.html
UPDATED: C:\Users\Anton\Documents\GitHub\webarchive\rockstarnorth.com\2008-11-02\flashSite\theLab\inside\shots\render004.html
UPDATED: C:\Users\Anton\Documents\GitHub\webarchive\rockstarnorth.com\2008-11-02\flashSite\theLab\inside\shots\render005.html
UPDATED: C:\Users\Anton\Documents\GitHub\webarchive\rockstarnorth.com\2008-11-02\flashSite\theLab\inside\shots\vcExtMov01.html
UPDATED: C:\Users\Anton\Documents\GitHub\webarchive\rockstarnorth.com\2008-11-02\flashSite\theLab\inside\shots\vcExtMov02.html
UPDATED: C:\Users\Anton\Documents\GitHub\webarchive\rockstarnorth.com\2008-11-02\flashSite\theLab\inside\shots\vcExtMov03.html
UPDATED: C:\Users\Anton\Documents\GitHub\webarchive\rockstarnorth.com\2008-11-02\flashSite\theLab\inside\shots\vcExtMov04.html
UPDATED: C:\Users\Anton\Documents\GitHub\webarchive\rockstarnorth.com\2008-11-02\flashSite\theLab\inside\shots\vcIntMov01.html
UPDATED: C:\Users\Anton\Documents\GitHub\webarchive\rockstarnorth.com\2008-11-02\flashSite\theLab\inside\shots\vcIntMov02.html
UPDATED: C:\Users\Anton\Documents\GitHub\webarchive\rockstarnorth.com\2008-11-02\flashSite\theLab\inside\shots\vcIntMov03.html
UPDATED: C:\Users\Anton\Documents\GitHub\webarchive\rockstarnorth.com\2008-11-02\flashSite\theLab\inside\shots\vcIntSti01.html
UPDATED: C:\Users\Anton\Documents\GitHub\webarchive\rockstarnorth.com\2008-11-02\flashSite\theLab\inside\shots\vcIntSti02.html
UPDATED: C:\Users\Anton\Documents\GitHub\webarchive\rockstarnorth.com\2008-11-02\flashSite\theLab\inside\shots\vcIntSti03.html
UPDATED: C:\Users\Anton\Documents\GitHub\webarchive\rockstarnorth.com\2008-11-02\flashSite\theLab\inside\shots\vcIntSti04.html
UPDATED: C:\Users\Anton\Documents\GitHub\webarchive\rockstarnorth.com\2008-11-02\flashSite\theLab\inside\shots\vcMoCap.html
UPDATED: C:\Users\Anton\Documents\GitHub\webarchive\rockstarnorth.com\2008-11-02\flashSite\theLab\inside\shots\vcPeds.html
UPDATED: C:\Users\Anton\Documents\GitHub\webarchive\rockstarnorth.com\2008-11-02\flashSite\theLab\inside\shots\vcSFXHeli.html
UPDATED: C:\Users\Anton\Documents\GitHub\webarchive\rockstarnorth.com\2008-11-02\flashSite\theLab\inside\shots\vcTommyMov01.html
UPDATED: C:\Users\Anton\Documents\GitHub\webarchive\rockstarnorth.com\2008-11-02\flashSite\theLab\inside\shots\vcTommyMov02.html
UPDATED: C:\Users\Anton\Documents\GitHub\webarchive\rockstarnorth.com\2008-11-02\flashSite\theLab\inside\shots\vcTommyMov03.html
UPDATED: C:\Users\Anton\Documents\GitHub\webarchive\rockstarnorth.com\2008-11-02\flashSite\theLab\inside\shots\vcTommyMov04.html
UPDATED: C:\Users\Anton\Documents\GitHub\webarchive\rockstarnorth.com\2008-11-02\flashSite\theLab\inside\shots\vcTommyMov05.html
UPDATED: C:\Users\Anton\Documents\GitHub\webarchive\rockstarnorth.com\2008-11-02\flashSite\theLab\inside\shots\vcTommyMov06.html
UPDATED: C:\Users\Anton\Documents\GitHub\webarchive\rockstarnorth.com\2008-11-02\flashSite\theLab\inside\shots\vcTommyMov07.html
UPDATED: C:\Users\Anton\Documents\GitHub\webarchive\rockstarnorth.com\2008-11-02\flashSite\theLab\inside\shots\vcVo.html
